################################################################################
#                                                                              #
#      IAR Universal Linker V6.5.1.95                                          #
#                                                                              #
#           Link time     =  13/Jul/2020  15:33:40                             #
#           Target CPU    =  MSP430                                            #
#           List file     =  E:\lliuke\AM50-1.2-100-EM-PW¡ª¡ªTM\AC284-01_V1.0_ #
#                            AOK_200524A_MPS430G2553IPW28R_0XC1DB3¡¾Ô´Âë¡¿\Ô´Â #
#                            ë\Debug\List\AM65-68-95-TI·½°¸¿ªºÏÁ±1.5NÐÂ»úÐ¾.ma #
#                            p                                                 #
#           Output file 1 =  E:\lliuke\AM50-1.2-100-EM-PW¡ª¡ªTM\AC284-01_V1.0_ #
#                            AOK_200524A_MPS430G2553IPW28R_0XC1DB3¡¾Ô´Âë¡¿\Ô´Â #
#                            ë\Debug\Exe\AM65-68-95-TI·½°¸¿ªºÏÁ±1.5NÐÂ»úÐ¾.d43 #
#                            Format: ubrof10                                   #
#                            UBROF version 10.0.6                              #
#                            Using library modules for C-SPY (-rt)             #
#           Command line  =  -f                                                #
#                            C:\Users\daniel\AppData\Local\Temp\EW7950.tmp     #
#                            (E:\lliuke\AM50-1.2-100-EM-PW¡ª¡ªTM\AC284-01_V1.0 #
#                            _AOK_200524A_MPS430G2553IPW28R_0XC1DB3¡¾Ô´Âë¡¿\Ô´ #
#                            Âë\Debug\Obj\ADSampling.r43                       #
#                            E:\lliuke\AM50-1.2-100-EM-PW¡ª¡ªTM\AC284-01_V1.0_ #
#                            AOK_200524A_MPS430G2553IPW28R_0XC1DB3¡¾Ô´Âë¡¿\Ô´Â #
#                            ë\Debug\Obj\flash.r43                             #
#                            E:\lliuke\AM50-1.2-100-EM-PW¡ª¡ªTM\AC284-01_V1.0_ #
#                            AOK_200524A_MPS430G2553IPW28R_0XC1DB3¡¾Ô´Âë¡¿\Ô´Â #
#                            ë\Debug\Obj\GlobalVariable.r43                    #
#                            E:\lliuke\AM50-1.2-100-EM-PW¡ª¡ªTM\AC284-01_V1.0_ #
#                            AOK_200524A_MPS430G2553IPW28R_0XC1DB3¡¾Ô´Âë¡¿\Ô´Â #
#                            ë\Debug\Obj\Initialize.r43                        #
#                            E:\lliuke\AM50-1.2-100-EM-PW¡ª¡ªTM\AC284-01_V1.0_ #
#                            AOK_200524A_MPS430G2553IPW28R_0XC1DB3¡¾Ô´Âë¡¿\Ô´Â #
#                            ë\Debug\Obj\KeyManage.r43                         #
#                            E:\lliuke\AM50-1.2-100-EM-PW¡ª¡ªTM\AC284-01_V1.0_ #
#                            AOK_200524A_MPS430G2553IPW28R_0XC1DB3¡¾Ô´Âë¡¿\Ô´Â #
#                            ë\Debug\Obj\LINUart.r43                           #
#                            E:\lliuke\AM50-1.2-100-EM-PW¡ª¡ªTM\AC284-01_V1.0_ #
#                            AOK_200524A_MPS430G2553IPW28R_0XC1DB3¡¾Ô´Âë¡¿\Ô´Â #
#                            ë\Debug\Obj\main.r43                              #
#                            E:\lliuke\AM50-1.2-100-EM-PW¡ª¡ªTM\AC284-01_V1.0_ #
#                            AOK_200524A_MPS430G2553IPW28R_0XC1DB3¡¾Ô´Âë¡¿\Ô´Â #
#                            ë\Debug\Obj\MotorControl.r43                      #
#                            E:\lliuke\AM50-1.2-100-EM-PW¡ª¡ªTM\AC284-01_V1.0_ #
#                            AOK_200524A_MPS430G2553IPW28R_0XC1DB3¡¾Ô´Âë¡¿\Ô´Â #
#                            ë\Debug\Obj\protest.r43                           #
#                            E:\lliuke\AM50-1.2-100-EM-PW¡ª¡ªTM\AC284-01_V1.0_ #
#                            AOK_200524A_MPS430G2553IPW28R_0XC1DB3¡¾Ô´Âë¡¿\Ô´Â #
#                            ë\Debug\Obj\SignalSampling.r43                    #
#                            E:\lliuke\AM50-1.2-100-EM-PW¡ª¡ªTM\AC284-01_V1.0_ #
#                            AOK_200524A_MPS430G2553IPW28R_0XC1DB3¡¾Ô´Âë¡¿\Ô´Â #
#                            ë\Debug\Obj\Time.r43                              #
#                            E:\lliuke\AM50-1.2-100-EM-PW¡ª¡ªTM\AC284-01_V1.0_ #
#                            AOK_200524A_MPS430G2553IPW28R_0XC1DB3¡¾Ô´Âë¡¿\Ô´Â #
#                            ë\Debug\Obj\timer.r43                             #
#                            -o                                                #
#                            E:\lliuke\AM50-1.2-100-EM-PW¡ª¡ªTM\AC284-01_V1.0_ #
#                            AOK_200524A_MPS430G2553IPW28R_0XC1DB3¡¾Ô´Âë¡¿\Ô´Â #
#                            ë\Debug\Exe\AM65-68-95-TI·½°¸¿ªºÏÁ±1.5NÐÂ»úÐ¾.d43 #
#                            -l                                                #
#                            E:\lliuke\AM50-1.2-100-EM-PW¡ª¡ªTM\AC284-01_V1.0_ #
#                            AOK_200524A_MPS430G2553IPW28R_0XC1DB3¡¾Ô´Âë¡¿\Ô´Â #
#                            ë\Debug\List\AM65-68-95-TI·½°¸¿ªºÏÁ±1.5NÐÂ»úÐ¾.ma #
#                            p                                                 #
#                            -xms -IE:\IAR\430\LIB\ -f                         #
#                            E:\IAR\430\config\linker\lnk430g2553.xcl          #
#                            (-cmsp430 -QCODE_I=CODE_ID -QTLS16_I=TLS16_ID     #
#                            -Z(CONST)INFO=1000-10FF                           #
#                            -Z(CONST)INFOA=10C0-10FF                          #
#                            -Z(CONST)INFOB=1080-10BF                          #
#                            -Z(CONST)INFOC=1040-107F                          #
#                            -Z(CONST)INFOD=1000-103F                          #
#                            -Z(DATA)DATA16_I,DATA16_Z,DATA16_N,TLS16_I=0200-0 #
#                            3FF                                               #
#                            -Z(DATA)DATA16_HEAP+_DATA16_HEAP_SIZE             #
#                            -Z(DATA)CODE_I -Z(DATA)CSTACK+_STACK_SIZE#        #
#                            -Z(CONST)DATA16_C,DATA16_ID,TLS16_ID,DIFUNCT,CHEC #
#                            KSUM=C000-FFDD                                    #
#                            -Z(CODE)CSTART,ISR_CODE,CODE_ID=C000-FFDD         #
#                            -P(CODE)CODE=C000-FFDD                            #
#                            -Z(CONST)SIGNATURE=FFDE-FFDF                      #
#                            -Z(CODE)INTVEC=FFE0-FFFF                          #
#                            -Z(CODE)RESET=FFFE-FFFF) -D_STACK_SIZE=50 -rt     #
#                            E:\IAR\430\lib\dlib\dl430fn.r43                   #
#                            -D_DATA16_HEAP_SIZE=50 -s __program_start         #
#                            -D_DATA20_HEAP_SIZE=50)                           #
#                                                                              #
#                           Copyright (C) 1987-2016 IAR Systems AB.            #
################################################################################





                ****************************************
                *                                      *
                *           CROSS REFERENCE            *
                *                                      *
                ****************************************

       Program entry at :           C064  Relocatable, from module : ?cstart




                ****************************************
                *                                      *
                *            RUNTIME MODEL             *
                *                                      *
                ****************************************

  __Heap_Handler             = Basic
  __SystemLibrary            = DLib
  __core                     = 430
  __dlib_file_descriptor     = 0
  __dlib_full_locale_support = 0
  __double_size              = 32
  __pic                      = no
  __reg_r4                   = free
  __reg_r5                   = free
  __rt_version               = 3

                ****************************************
                *                                      *
                *    AUTOMATIC SYMBOL REDIRECTIONS     *
                *                                      *
                ****************************************

                  There are no automatic symbol redirections.



                ****************************************
                *                                      *
                *              MODULE MAP              *
                *                                      *
                ****************************************


  DEFINED ABSOLUTE ENTRIES
    *************************************************************************

  DEFINED ABSOLUTE ENTRIES
  PROGRAM MODULE, NAME : ?ABS_ENTRY_MOD

Absolute parts
           ENTRY                   ADDRESS         REF BY
           =====                   =======         ======
           _DATA20_HEAP_SIZE       0050 
           _DATA16_HEAP_SIZE       0050 
           _STACK_SIZE             0050 
    *************************************************************************

  FILE NAME : E:\lliuke\AM50-1.2-100-EM-PW¡ª¡ªTM\AC284-01_V1.0_AOK_200524A_MPS430G2553IPW28R_0XC1DB3¡¾Ô´Âë¡¿\Ô´Âë\Debug\Obj\ADSampling.r43
  PROGRAM MODULE, NAME : ADSampling

  SEGMENTS IN THE MODULE
  ======================
DATA16_AN
  Relative segment, address: 004A - 004A (0x1 bytes), align: 0
  Segment part 1. ROOT        Intra module refs:   ADCSetting
                                                   ADSamping
           ENTRY                   ADDRESS         REF BY
           =====                   =======         ======
           ADC10AE0                004A 
    -------------------------------------------------------------------------
DATA16_AN
  Relative segment, address: 01B0 - 01B1 (0x2 bytes), align: 0
  Segment part 2. ROOT        Intra module refs:   ADCSetting
                                                   ADSamping
           ENTRY                   ADDRESS         REF BY
           =====                   =======         ======
           _A_ADC10CTL0            01B0 
           LOCAL                   ADDRESS         
           =====                   =======         
           ADC10CTL0               01B0 
           ADC10CTL0_bit           01B0 
    -------------------------------------------------------------------------
DATA16_AN
  Relative segment, address: 01B2 - 01B3 (0x2 bytes), align: 0
  Segment part 3. ROOT        Intra module refs:   ADCSetting
                                                   ADSamping
           ENTRY                   ADDRESS         REF BY
           =====                   =======         ======
           _A_ADC10CTL1            01B2 
           LOCAL                   ADDRESS         
           =====                   =======         
           ADC10CTL1               01B2 
           ADC10CTL1_bit           01B2 
    -------------------------------------------------------------------------
DATA16_AN
  Relative segment, address: 01B4 - 01B5 (0x2 bytes), align: 0
  Segment part 4. ROOT        Intra module refs:   ADSamping
           ENTRY                   ADDRESS         REF BY
           =====                   =======         ======
           ADC10MEM                01B4 
    -------------------------------------------------------------------------
DATA16_AN
  Relative segment, address: 0026 - 0026 (0x1 bytes), align: 0
  Segment part 5. ROOT        Intra module refs:   ADCSetting
                                                   GPIOSetting (Initialize)
                                                   LinUartInit (LINUart)
           ENTRY                   ADDRESS         REF BY
           =====                   =======         ======
           _A_P1SEL                0026 
           LOCAL                   ADDRESS         
           =====                   =======         
           P1SEL                   0026 
           P1SEL_bit               0026 
    -------------------------------------------------------------------------
DATA16_AN
  Relative segment, address: 0019 - 0019 (0x1 bytes), align: 0
  Segment part 6. ROOT        Intra module refs:   AddNetFinish (Time)
                                                   BlueLedHint (Time)
                                                   ClrNetFinish (Time)
                                                   ClrNetStatus (Time)
                                                   Initialize (Initialize)
                                                   LedDeleteFinish (Time)
                                                   LedDeleteStatus (Time)
                                                   LedLearnStatus (Time)
                                                   LedOFF (Time)
                                                   LedOprationFinish (Time)
                                                   LedOverTemperature (Time)
                                                   LedOverVoltage (Time)
                                                   LedSetSpeedStatus (Time)
                                                   LedSpeedHint (Time)
                                                   LedUnderVoltage (Time)
                                                   SetDownPWM (MotorControl)
                                                   SetStopPWM (MotorControl)
                                                   SetUpPWM (MotorControl)
                                                   VoltageProtect
           ENTRY                   ADDRESS         REF BY
           =====                   =======         ======
           _A_P3OUT                0019 
           LOCAL                   ADDRESS         
           =====                   =======         
           P3OUT                   0019 
           P3OUT_bit               0019 
    -------------------------------------------------------------------------
DATA16_Z
  Relative segment, address: 026C - 026C (0x1 bytes), align: 0
  Segment part 8.             Intra module refs:   ADSamping
           LOCAL                   ADDRESS         
           =====                   =======         
           ADC_VOL_Cnt             026C 
    -------------------------------------------------------------------------
DATA16_Z
  Relative segment, address: 0226 - 0227 (0x2 bytes), align: 1
  Segment part 9.             Intra module refs:   ADSamping
           LOCAL                   ADDRESS         
           =====                   =======         
           ADC_VOL_Buffer          0226 
    -------------------------------------------------------------------------
DATA16_Z
  Relative segment, address: 026D - 026D (0x1 bytes), align: 0
  Segment part 10.            Intra module refs:   ADSamping
           LOCAL                   ADDRESS         
           =====                   =======         
           ADC_CUR_Cnt             026D 
    -------------------------------------------------------------------------
DATA16_Z
  Relative segment, address: 0228 - 0229 (0x2 bytes), align: 1
  Segment part 11.            Intra module refs:   ADSamping
           LOCAL                   ADDRESS         
           =====                   =======         
           ADC_CUR_Buffer          0228 
    -------------------------------------------------------------------------
DATA16_Z
  Relative segment, address: 022A - 0231 (0x8 bytes), align: 1
  Segment part 12.            Intra module refs:   ADSamping
           LOCAL                   ADDRESS         
           =====                   =======         
           ADC_CUR_Array           022A 
    -------------------------------------------------------------------------
DATA16_Z
  Relative segment, address: 026E - 026E (0x1 bytes), align: 0
  Segment part 13.            Intra module refs:   ADSamping
           LOCAL                   ADDRESS         
           =====                   =======         
           ADC_CUR_Array_Index     026E 
    -------------------------------------------------------------------------
<CODE> 1 (was CODE)
  Relative segment, address: EFFE - F01D (0x20 bytes), align: 1
  Segment part 17.
           ENTRY                   ADDRESS         REF BY
           =====                   =======         ======
           ADCSetting              EFFE            Initialize (Initialize)
    -------------------------------------------------------------------------
<CODE> 1 (was CODE)
  Relative segment, address: E630 - E6BB (0x8c bytes), align: 1
  Segment part 18.            Intra module refs:   ADSamping
           ENTRY                   ADDRESS         REF BY
           =====                   =======         ======
           SampleAverage           E630 
               calls direct
    -------------------------------------------------------------------------
<CODE> 1 (was CODE)
  Relative segment, address: DCB2 - DDE3 (0x132 bytes), align: 1
  Segment part 19.
           ENTRY                   ADDRESS         REF BY
           =====                   =======         ======
           ADSamping               DCB2            main (main)
               calls direct
    -------------------------------------------------------------------------
<CODE> 1 (was CODE)
  Relative segment, address: EEB4 - EEDB (0x28 bytes), align: 1
  Segment part 20.            Intra module refs:   VoltageProtect
           ENTRY                   ADDRESS         REF BY
           =====                   =======         ======
           PowerDownSave           EEB4 
               calls direct
    -------------------------------------------------------------------------
<CODE> 1 (was CODE)
  Relative segment, address: DEFA - DFF5 (0xfc bytes), align: 1
  Segment part 21.
           ENTRY                   ADDRESS         REF BY
           =====                   =======         ======
           VoltageProtect          DEFA            main (main)
               calls direct
    -------------------------------------------------------------------------
DATA16_Z
  Relative segment, address: 0232 - 0233 (0x2 bytes), align: 1
  Segment part 14.            Intra module refs:   VoltageProtect
           LOCAL                   ADDRESS         
           =====                   =======         
           VoltageProtect::High_VOL_PROTECT_Cnt
                                   0232 
    -------------------------------------------------------------------------
DATA16_Z
  Relative segment, address: 0234 - 0235 (0x2 bytes), align: 1
  Segment part 15.            Intra module refs:   VoltageProtect
           LOCAL                   ADDRESS         
           =====                   =======         
           VoltageProtect::VOL_OK_Cnt
                                   0234 
    -------------------------------------------------------------------------
DATA16_Z
  Relative segment, address: 0236 - 0237 (0x2 bytes), align: 1
  Segment part 16.            Intra module refs:   VoltageProtect
           LOCAL                   ADDRESS         
           =====                   =======         
           VoltageProtect::PowerDown_Time_Cnt
                                   0236 

    *************************************************************************

  FILE NAME : E:\lliuke\AM50-1.2-100-EM-PW¡ª¡ªTM\AC284-01_V1.0_AOK_200524A_MPS430G2553IPW28R_0XC1DB3¡¾Ô´Âë¡¿\Ô´Âë\Debug\Obj\flash.r43
  PROGRAM MODULE, NAME : flash

  SEGMENTS IN THE MODULE
  ======================
DATA16_AN
  Relative segment, address: 0128 - 0129 (0x2 bytes), align: 0
  Segment part 1. ROOT        Intra module refs:   DeleteAllID
                                                   FlashWriteSegment
           ENTRY                   ADDRESS         REF BY
           =====                   =======         ======
           _A_FCTL1                0128 
           LOCAL                   ADDRESS         
           =====                   =======         
           FCTL1                   0128 
           FCTL1_bit               0128 
    -------------------------------------------------------------------------
DATA16_AN
  Relative segment, address: 012C - 012D (0x2 bytes), align: 0
  Segment part 2. ROOT        Intra module refs:   DeleteAllID
                                                   FlashWriteSegment
           ENTRY                   ADDRESS         REF BY
           =====                   =======         ======
           _A_FCTL3                012C 
           LOCAL                   ADDRESS         
           =====                   =======         
           FCTL3                   012C 
           FCTL3_bit               012C 
    -------------------------------------------------------------------------
DATA16_AN
  Relative segment, address: 0120 - 0121 (0x2 bytes), align: 0
  Segment part 3. ROOT        Intra module refs:   Delay (Initialize)
                                                   DeleteAllID
                                                   FlashWriteSegment
                                                   Initialize (Initialize)
                                                   main (main)
           ENTRY                   ADDRESS         REF BY
           =====                   =======         ======
           _A_WDTCTL               0120 
           LOCAL                   ADDRESS         
           =====                   =======         
           WDTCTL                  0120 
           WDTCTL_bit              0120 
    -------------------------------------------------------------------------
DATA16_Z
  Relative segment, address: 026F - 02AE (0x40 bytes), align: 0
  Segment part 5.             Intra module refs:   CompID
                                                   DeleteChannel
                                                   FlashReadData
                                                   FlashReadPlace
                                                   FlashWriteData
                                                   FlashWritePlace
                                                   SaveChannel
                                                   SaveID
           ENTRY                   ADDRESS         REF BY
           =====                   =======         ======
           Flash_Buffer            026F 
    -------------------------------------------------------------------------
<CODE> 1 (was CODE)
  Relative segment, address: E8A4 - E911 (0x6e bytes), align: 1
  Segment part 7.
           ENTRY                   ADDRESS         REF BY
           =====                   =======         ======
           CompID                  E8A4            RFDataDisposal (SignalSampling)
               calls direct
    -------------------------------------------------------------------------
<CODE> 1 (was CODE)
  Relative segment, address: E50A - E59D (0x94 bytes), align: 1
  Segment part 9.
           ENTRY                   ADDRESS         REF BY
           =====                   =======         ======
           SaveID                  E50A            RFDataDisposal (SignalSampling)
               calls direct
    -------------------------------------------------------------------------
<CODE> 1 (was CODE)
  Relative segment, address: EAEE - EB35 (0x48 bytes), align: 1
  Segment part 10.
           ENTRY                   ADDRESS         REF BY
           =====                   =======         ======
           SaveChannel             EAEE            RFDataDisposal (SignalSampling)
               calls direct
    -------------------------------------------------------------------------
<CODE> 1 (was CODE)
  Relative segment, address: E832 - E8A3 (0x72 bytes), align: 1
  Segment part 11.
           ENTRY                   ADDRESS         REF BY
           =====                   =======         ======
           DeleteChannel           E832            RFDataDisposal (SignalSampling)
               calls direct
    -------------------------------------------------------------------------
<CODE> 1 (was CODE)
  Relative segment, address: E9E8 - EA45 (0x5e bytes), align: 1
  Segment part 13.
           ENTRY                   ADDRESS         REF BY
           =====                   =======         ======
           DeleteAllID             E9E8            KeyManage (KeyManage)
                                                   RFDataDisposal (SignalSampling)
                                                   UartDataDisposal (LINUart)
               calls direct
    -------------------------------------------------------------------------
<CODE> 1 (was CODE)
  Relative segment, address: F156 - F16B (0x16 bytes), align: 1
  Segment part 6.             Intra module refs:   CompID
                                                   DeleteChannel
                                                   FlashReadData
                                                   FlashReadPlace
                                                   SaveChannel
                                                   SaveID
           ENTRY                   ADDRESS         REF BY
           =====                   =======         ======
           FlashReadSegment        F156 
    -------------------------------------------------------------------------
<CODE> 1 (was CODE)
  Relative segment, address: EA9C - EAED (0x52 bytes), align: 1
  Segment part 8.             Intra module refs:   DeleteChannel
                                                   FlashWriteData
                                                   FlashWritePlace
                                                   SaveChannel
                                                   SaveID
           ENTRY                   ADDRESS         REF BY
           =====                   =======         ======
           FlashWriteSegment       EA9C 
    -------------------------------------------------------------------------
<CODE> 1 (was CODE)
  Relative segment, address: D6B0 - D83F (0x190 bytes), align: 1
  Segment part 12.            Intra module refs:   DeleteAllID
           ENTRY                   ADDRESS         REF BY
           =====                   =======         ======
           FlashWriteData          D6B0            JourneySeting (MotorControl)
                                                   KeyManage (KeyManage)
                                                   MeetPlugb (MotorControl)
                                                   RFDataDisposal (SignalSampling)
                                                   UartDataDisposal (LINUart)
                                                   main (main)
               calls direct
    -------------------------------------------------------------------------
<CODE> 1 (was CODE)
  Relative segment, address: D840 - D9C7 (0x188 bytes), align: 1
  Segment part 14.
           ENTRY                   ADDRESS         REF BY
           =====                   =======         ======
           FlashReadData           D840            Initialize (Initialize)
               calls direct
    -------------------------------------------------------------------------
<CODE> 1 (was CODE)
  Relative segment, address: ECEC - ED25 (0x3a bytes), align: 1
  Segment part 15.
           ENTRY                   ADDRESS         REF BY
           =====                   =======         ======
           FlashWritePlace         ECEC            PowerDownSave (ADSampling)
               calls direct
    -------------------------------------------------------------------------
<CODE> 1 (was CODE)
  Relative segment, address: EA46 - EA9B (0x56 bytes), align: 1
  Segment part 16.
           ENTRY                   ADDRESS         REF BY
           =====                   =======         ======
           FlashReadPlace          EA46            Initialize (Initialize)
               calls direct

    *************************************************************************

  FILE NAME : E:\lliuke\AM50-1.2-100-EM-PW¡ª¡ªTM\AC284-01_V1.0_AOK_200524A_MPS430G2553IPW28R_0XC1DB3¡¾Ô´Âë¡¿\Ô´Âë\Debug\Obj\GlobalVariable.r43
  PROGRAM MODULE, NAME : GlobalVariable

  SEGMENTS IN THE MODULE
  ======================
DATA16_Z
  Relative segment, address: 02AF - 02B2 (0x4 bytes), align: 0
  Segment part 2.
           ENTRY                   ADDRESS         REF BY
           =====                   =======         ======
           Flag                    02AF            ClrNetFinish (Time)
                                                   DisposalPercent (LINUart)
                                                   Enter_test (protest)
                                                   Initialize (Initialize)
                                                   KeyControl (KeyManage)
                                                   KeyManage (KeyManage)
                                                   LearnDelCodeTime (Time)
                                                   LedLearnStatus (Time)
                                                   LedOverTemperature (Time)
                                                   LedStatusUpdate (Time)
                                                   MotorControl (MotorControl)
                                                   MotorRun (MotorControl)
                                                   RFDataDisposal (SignalSampling)
                                                   SystemTime (Time)
                                                   Timer0_A0 (timer)
                                                   Timer0_A1 (Time)
                                                   USCI0RX_ISR (LINUart)
                                                   UartControl (LINUart)
                                                   UartDataDisposal (LINUart)
                                                   UartStartupTX (LINUart)
                                                   VoltageProtect (ADSampling)
                                                   main (main)
    -------------------------------------------------------------------------
DATA16_Z
  Relative segment, address: 02B3 - 02B6 (0x4 bytes), align: 0
  Segment part 3.
           ENTRY                   ADDRESS         REF BY
           =====                   =======         ======
           Flag_Motor              02B3            DetectHallSignal (timer)
                                                   Initialize (Initialize)
                                                   JourneyDelete (MotorControl)
                                                   JourneySeting (MotorControl)
                                                   KeyControl (KeyManage)
                                                   KeyManage (KeyManage)
                                                   LearnDelCodeTime (Time)
                                                   MeetPlugb (MotorControl)
                                                   MotorControl (MotorControl)
                                                   MotorRun (MotorControl)
                                                   RFDataDisposal (SignalSampling)
                                                   SlowStop (MotorControl)
                                                   UartControl (LINUart)
                                                   UartDataDisposal (LINUart)
                                                   main (main)
    -------------------------------------------------------------------------
DATA16_Z
  Relative segment, address: 02B7 - 02B7 (0x1 bytes), align: 0
  Segment part 4.
           ENTRY                   ADDRESS         REF BY
           =====                   =======         ======
           Flag_RF                 02B7            Enter_test (protest)
                                                   ErrorDisposal (SignalSampling)
                                                   RFDataDisposal (SignalSampling)
                                                   RFSignalDecode (SignalSampling)
                                                   RFStatusInspect (SignalSampling)
                                                   Timer0_A0 (timer)
                                                   main (main)
    -------------------------------------------------------------------------
DATA16_I
  Relative segment, address: 0206 - 0206 (0x1 bytes), align: 0
  Segment part 5.
           ENTRY                   ADDRESS         REF BY
           =====                   =======         ======
           Time_10ms_Cnt           0206            SystemTime (Time)
    -------------------------------------------------------------------------
DATA16_I
  Relative segment, address: 0207 - 0207 (0x1 bytes), align: 0
  Segment part 7.
           ENTRY                   ADDRESS         REF BY
           =====                   =======         ======
           Time_50ms_Cnt           0207            SystemTime (Time)
                                                   UartDataDisposal (LINUart)
    -------------------------------------------------------------------------
DATA16_I
  Relative segment, address: 0208 - 0208 (0x1 bytes), align: 0
  Segment part 9.
           ENTRY                   ADDRESS         REF BY
           =====                   =======         ======
           Time_100ms_Cnt          0208            LedStatusUpdate (Time)
                                                   MotorRun (MotorControl)
                                                   SystemTime (Time)
    -------------------------------------------------------------------------
DATA16_I
  Relative segment, address: 0209 - 0209 (0x1 bytes), align: 0
  Segment part 11.
           ENTRY                   ADDRESS         REF BY
           =====                   =======         ======
           Time_500ms_Cnt          0209            LedStatusUpdate (Time)
                                                   SystemTime (Time)
    -------------------------------------------------------------------------
DATA16_I
  Relative segment, address: 020A - 020A (0x1 bytes), align: 0
  Segment part 13.
           ENTRY                   ADDRESS         REF BY
           =====                   =======         ======
           Time_1s_Cnt             020A            SystemTime (Time)
    -------------------------------------------------------------------------
DATA16_Z
  Relative segment, address: 02B8 - 02B8 (0x1 bytes), align: 0
  Segment part 15.
           ENTRY                   ADDRESS         REF BY
           =====                   =======         ======
           Time_Power_On           02B8            Enter_test (protest)
                                                   Initialize (Initialize)
                                                   LearnDelCodeTime (Time)
    -------------------------------------------------------------------------
DATA16_Z
  Relative segment, address: 02B9 - 02B9 (0x1 bytes), align: 0
  Segment part 16.
           ENTRY                   ADDRESS         REF BY
           =====                   =======         ======
           Time_Fail_Test          02B9            Initialize (Initialize)
                                                   LearnDelCodeTime (Time)
                                                   UartDataDisposal (LINUart)
    -------------------------------------------------------------------------
DATA16_Z
  Relative segment, address: 02BA - 02BA (0x1 bytes), align: 0
  Segment part 18.
           ENTRY                   ADDRESS         REF BY
           =====                   =======         ======
           learn_key_cnt           02BA            Enter_test (protest)
                                                   LearnDelCodeTime (Time)
    -------------------------------------------------------------------------
DATA16_Z
  Relative segment, address: 02BB - 02BB (0x1 bytes), align: 0
  Segment part 19.
           ENTRY                   ADDRESS         REF BY
           =====                   =======         ======
           No_learn_key_cnt        02BB            Enter_test (protest)
                                                   LearnDelCodeTime (Time)
    -------------------------------------------------------------------------
DATA16_Z
  Relative segment, address: 02BC - 02BC (0x1 bytes), align: 0
  Segment part 20.
           ENTRY                   ADDRESS         REF BY
           =====                   =======         ======
           RF_High_Cnt             02BC            Timer0_A0 (timer)
                                                   main (main)
    -------------------------------------------------------------------------
DATA16_Z
  Relative segment, address: 02BD - 02BD (0x1 bytes), align: 0
  Segment part 21.
           ENTRY                   ADDRESS         REF BY
           =====                   =======         ======
           RF_Low_Cnt              02BD            Timer0_A0 (timer)
                                                   main (main)
    -------------------------------------------------------------------------
DATA16_Z
  Relative segment, address: 02BE - 02BE (0x1 bytes), align: 0
  Segment part 22.
           ENTRY                   ADDRESS         REF BY
           =====                   =======         ======
           Current_Voltage         02BE            ADSamping (ADSampling)
                                                   UartStartupTX (LINUart)
                                                   VoltageProtect (ADSampling)
    -------------------------------------------------------------------------
DATA16_Z
  Relative segment, address: 0238 - 0239 (0x2 bytes), align: 1
  Segment part 24.
           ENTRY                   ADDRESS         REF BY
           =====                   =======         ======
           Current_Current_mA      0238            ADSamping (ADSampling)
                                                   Duty_Add (MotorControl)
                                                   MotorRun (MotorControl)
                                                   UartStartupTX (LINUart)
    -------------------------------------------------------------------------
DATA16_Z
  Relative segment, address: 02BF - 02BF (0x1 bytes), align: 0
  Segment part 25.
           ENTRY                   ADDRESS         REF BY
           =====                   =======         ======
           Opretion_Time_Cnt       02BF            AddNetFinish (Time)
                                                   ClrNetFinish (Time)
                                                   ClrNetStatus (Time)
                                                   LedDeleteFinish (Time)
                                                   LedOprationFinish (Time)
                                                   LedOverTemperature (Time)
                                                   LedSetSpeedStatus (Time)
                                                   LedSpeedHint (Time)
                                                   LedStatusUpdate (Time)
                                                   MotorStop (MotorControl)
    -------------------------------------------------------------------------
DATA16_Z
  Relative segment, address: 02C0 - 02C0 (0x1 bytes), align: 0
  Segment part 26.
           ENTRY                   ADDRESS         REF BY
           =====                   =======         ======
           Learn_Time_Cnt          02C0            LearnDelCodeTime (Time)
                                                   RFDataDisposal (SignalSampling)
    -------------------------------------------------------------------------
DATA16_Z
  Relative segment, address: 02C1 - 02C1 (0x1 bytes), align: 0
  Segment part 27.
           ENTRY                   ADDRESS         REF BY
           =====                   =======         ======
           Set_Speed_Time_Cnt      02C1            KeyManage (KeyManage)
                                                   LearnDelCodeTime (Time)
    -------------------------------------------------------------------------
DATA16_Z
  Relative segment, address: 02C2 - 02C2 (0x1 bytes), align: 0
  Segment part 28.
           ENTRY                   ADDRESS         REF BY
           =====                   =======         ======
           Set_Limit_Point_Cnt     02C2            LearnDelCodeTime (Time)
                                                   MotorControl (MotorControl)
                                                   RFDataDisposal (SignalSampling)
    -------------------------------------------------------------------------
DATA16_Z
  Relative segment, address: 02C3 - 02C3 (0x1 bytes), align: 0
  Segment part 29.
           ENTRY                   ADDRESS         REF BY
           =====                   =======         ======
           LED_Status              02C3            KeyManage (KeyManage)
                                                   LearnDelCodeTime (Time)
                                                   LedDisplay (Time)
                                                   LedStatusUpdate (Time)
                                                   MotorControl (MotorControl)
                                                   MotorDown (MotorControl)
                                                   MotorRun (MotorControl)
                                                   MotorStop (MotorControl)
                                                   MotorUp (MotorControl)
                                                   RFDataDisposal (SignalSampling)
                                                   VoltageProtect (ADSampling)
    -------------------------------------------------------------------------
DATA16_Z
  Relative segment, address: 023A - 023B (0x2 bytes), align: 1
  Segment part 30.
           ENTRY                   ADDRESS         REF BY
           =====                   =======         ======
           Motor_Duty              023A            ADSamping (ADSampling)
                                                   MotorRun (MotorControl)
                                                   SetStopPWM (MotorControl)
    -------------------------------------------------------------------------
DATA16_Z
  Relative segment, address: 02C4 - 02C4 (0x1 bytes), align: 0
  Segment part 31.
           ENTRY                   ADDRESS         REF BY
           =====                   =======         ======
           Motor_Speed             02C4            DetectHallSignal (timer)
                                                   MeetPlugb (MotorControl)
                                                   MotorControl (MotorControl)
                                                   MotorRun (MotorControl)
                                                   main (main)
    -------------------------------------------------------------------------
DATA16_Z
  Relative segment, address: 02C5 - 02C5 (0x1 bytes), align: 0
  Segment part 32.
           ENTRY                   ADDRESS         REF BY
           =====                   =======         ======
           Target_Speed            02C5            MotorRun (MotorControl)
                                                   SlowStop (MotorControl)
    -------------------------------------------------------------------------
DATA16_Z
  Relative segment, address: 02C6 - 02C6 (0x1 bytes), align: 0
  Segment part 33.
           ENTRY                   ADDRESS         REF BY
           =====                   =======         ======
           Motor_Status            02C6            DisposalPercent (LINUart)
                                                   Initialize (Initialize)
                                                   KeyControl (KeyManage)
                                                   LearnDelCodeTime (Time)
                                                   MotorRun (MotorControl)
                                                   NoKey (KeyManage)
                                                   RFDataDisposal (SignalSampling)
                                                   UartControl (LINUart)
                                                   UartDataDisposal (LINUart)
                                                   VoltageProtect (ADSampling)
                                                   main (main)
    -------------------------------------------------------------------------
DATA16_I
  Relative segment, address: 020B - 020B (0x1 bytes), align: 0
  Segment part 34.
           ENTRY                   ADDRESS         REF BY
           =====                   =======         ======
           Motor_Max_Speed         020B            FlashReadData (flash)
                                                   FlashWriteData (flash)
                                                   KeyManage (KeyManage)
                                                   LedSpeedHint (Time)
                                                   MotorRun (MotorControl)
                                                   SlowStop (MotorControl)
                                                   UartStartupTX (LINUart)
    -------------------------------------------------------------------------
DATA16_Z
  Relative segment, address: 023C - 023D (0x2 bytes), align: 1
  Segment part 36.
           ENTRY                   ADDRESS         REF BY
           =====                   =======         ======
           Hall_Pulse_Width        023C            DetectHallSignal (timer)
                                                   MotorRun (MotorControl)
    -------------------------------------------------------------------------
DATA16_Z
  Relative segment, address: 023E - 023F (0x2 bytes), align: 1
  Segment part 37.
           ENTRY                   ADDRESS         REF BY
           =====                   =======         ======
           Hall_Pulse_Amount       023E            CountPercentPlace (LINUart)
                                                   FlashReadData (flash)
                                                   FlashWriteData (flash)
                                                   JourneyCheck (MotorControl)
                                                   JourneyDelete (MotorControl)
                                                   JourneyPercentCount (LINUart)
                                                   JourneySeting (MotorControl)
                                                   MeetPlugb (MotorControl)
                                                   MotorControl (MotorControl)
                                                   MotorRun (MotorControl)
                                                   main (main)
    -------------------------------------------------------------------------
DATA16_N
  Relative segment, address: 032C - 032D (0x2 bytes), align: 1
  Segment part 38.
           ENTRY                   ADDRESS         REF BY
           =====                   =======         ======
           Hall_Pulse_Amount_Cnt   032C            DetectHallSignal (timer)
                                                   DisposalPercent (LINUart)
                                                   FlashReadPlace (flash)
                                                   FlashWritePlace (flash)
                                                   Initialize (Initialize)
                                                   JourneyDelete (MotorControl)
                                                   JourneyPercentCount (LINUart)
                                                   JourneySeting (MotorControl)
                                                   MeetPlugb (MotorControl)
                                                   MotorControl (MotorControl)
                                                   MotorRun (MotorControl)
                                                   SlowStop (MotorControl)
                                                   main (main)
    -------------------------------------------------------------------------
DATA16_Z
  Relative segment, address: 0240 - 0241 (0x2 bytes), align: 1
  Segment part 39.
           ENTRY                   ADDRESS         REF BY
           =====                   =======         ======
           hall_pulse_buf          0240            Initialize (Initialize)
                                                   JourneyDelete (MotorControl)
                                                   MeetPlugb (MotorControl)
                                                   MotorControl (MotorControl)
                                                   MotorRun (MotorControl)
    -------------------------------------------------------------------------
DATA16_Z
  Relative segment, address: 02C7 - 02C7 (0x1 bytes), align: 0
  Segment part 40.
           ENTRY                   ADDRESS         REF BY
           =====                   =======         ======
           Dry_Contact_Control_Mode
                                   02C7            FlashReadData (flash)
                                                   FlashWriteData (flash)
                                                   KeyControl (KeyManage)
                                                   NoKey (KeyManage)
                                                   UartDataDisposal (LINUart)
                                                   UartStartupTX (LINUart)
    -------------------------------------------------------------------------
DATA16_I
  Relative segment, address: 020C - 020C (0x1 bytes), align: 0
  Segment part 41.
           ENTRY                   ADDRESS         REF BY
           =====                   =======         ======
           Uart_Baud_Rate          020C            FlashReadData (flash)
                                                   FlashWriteData (flash)
                                                   LinUartInit (LINUart)
    -------------------------------------------------------------------------
DATA16_N
  Relative segment, address: 0330 - 0330 (0x1 bytes), align: 0
  Segment part 43.
           ENTRY                   ADDRESS         REF BY
           =====                   =======         ======
           Hall_Status_Buffer      0330            DetectHallSignal (timer)
                                                   FlashReadPlace (flash)
                                                   FlashWritePlace (flash)
    -------------------------------------------------------------------------
DATA16_Z
  Relative segment, address: 02C8 - 02C8 (0x1 bytes), align: 0
  Segment part 44.
           ENTRY                   ADDRESS         REF BY
           =====                   =======         ======
           hall_change_cnt         02C8            DetectHallSignal (timer)
    -------------------------------------------------------------------------
DATA16_Z
  Relative segment, address: 0242 - 0243 (0x2 bytes), align: 1
  Segment part 45.
           ENTRY                   ADDRESS         REF BY
           =====                   =======         ======
           Hall_Time_Cnt           0242            DetectHallSignal (timer)
    -------------------------------------------------------------------------
DATA16_Z
  Relative segment, address: 02C9 - 02C9 (0x1 bytes), align: 0
  Segment part 46.
           ENTRY                   ADDRESS         REF BY
           =====                   =======         ======
           Uart_ID                 02C9            FlashReadData (flash)
                                                   FlashWriteData (flash)
    -------------------------------------------------------------------------
DATA16_Z
  Relative segment, address: 02CA - 02CA (0x1 bytes), align: 0
  Segment part 47.
           ENTRY                   ADDRESS         REF BY
           =====                   =======         ======
           Uart_CH_L               02CA            FlashReadData (flash)
                                                   FlashWriteData (flash)
    -------------------------------------------------------------------------
DATA16_Z
  Relative segment, address: 02CB - 02CB (0x1 bytes), align: 0
  Segment part 48.
           ENTRY                   ADDRESS         REF BY
           =====                   =======         ======
           Uart_CH_H               02CB            FlashReadData (flash)
                                                   FlashWriteData (flash)
    -------------------------------------------------------------------------
DATA16_Z
  Relative segment, address: 0244 - 024F (0xc bytes), align: 1
  Segment part 49.
           ENTRY                   ADDRESS         REF BY
           =====                   =======         ======
           Motor_Array             0244            ADSamping (ADSampling)
                                                   CountPercentPlace (LINUart)
                                                   DeleteAllID (flash)
                                                   DetectHallSignal (timer)
                                                   DisposalPercent (LINUart)
                                                   FlashReadData (flash)
                                                   FlashWriteData (flash)
                                                   Initialize (Initialize)
                                                   JourneyCheck (MotorControl)
                                                   JourneyDelete (MotorControl)
                                                   JourneyPercentCount (LINUart)
                                                   JourneySeting (MotorControl)
                                                   KeyControl (KeyManage)
                                                   KeyManage (KeyManage)
                                                   MeetPlugb (MotorControl)
                                                   MotorControl (MotorControl)
                                                   MotorDown (MotorControl)
                                                   MotorRun (MotorControl)
                                                   MotorStop (MotorControl)
                                                   MotorUp (MotorControl)
                                                   PowerDownSave (ADSampling)
                                                   RFDataDisposal (SignalSampling)
                                                   SlowStop (MotorControl)
                                                   UartControl (LINUart)
                                                   UartDataDisposal (LINUart)
                                                   UartStartupTX (LINUart)
                                                   VoltageProtect (ADSampling)
                                                   main (main)
    -------------------------------------------------------------------------
DATA16_I
  Relative segment, address: 0200 - 0201 (0x2 bytes), align: 1
  Segment part 50.
           ENTRY                   ADDRESS         REF BY
           =====                   =======         ======
           Hall_Pulse_Amount_PCT   0200            DisposalPercent (LINUart)
                                                   MotorControl (MotorControl)
    -------------------------------------------------------------------------
DATA16_Z
  Relative segment, address: 02CC - 02CC (0x1 bytes), align: 0
  Segment part 52.
           ENTRY                   ADDRESS         REF BY
           =====                   =======         ======
           Key_Out_Status          02CC            KeyManage (KeyManage)
                                                   MotorControl (MotorControl)
    -------------------------------------------------------------------------
DATA16_I
  Relative segment, address: 0202 - 0203 (0x2 bytes), align: 1
  Segment part 55.
           ENTRY                   ADDRESS         REF BY
           =====                   =======         ======
           over_min_cnt            0202            MeetPlugb (MotorControl)
                                                   main (main)
    -------------------------------------------------------------------------
DATA16_I
  Relative segment, address: 0204 - 0205 (0x2 bytes), align: 1
  Segment part 57.
           ENTRY                   ADDRESS         REF BY
           =====                   =======         ======
           over_max_cnt            0204            MeetPlugb (MotorControl)
                                                   main (main)
    -------------------------------------------------------------------------
DATA16_N
  Relative segment, address: 032E - 032F (0x2 bytes), align: 1
  Segment part 59.
           ENTRY                   ADDRESS         REF BY
           =====                   =======         ======
           RAM_PSWD                032E            Initialize (Initialize)
    -------------------------------------------------------------------------
DATA16_Z
  Relative segment, address: 02CD - 02CD (0x1 bytes), align: 0
  Segment part 60.
           ENTRY                   ADDRESS         REF BY
           =====                   =======         ======
           flag_yuzu_once          02CD            MeetPlugb (MotorControl)
    -------------------------------------------------------------------------
DATA16_Z
  Relative segment, address: 02CE - 02CE (0x1 bytes), align: 0
  Segment part 61.
           ENTRY                   ADDRESS         REF BY
           =====                   =======         ======
           flag_rebound            02CE            MotorRun (MotorControl)
    -------------------------------------------------------------------------
DATA16_I
  Relative segment, address: 020D - 020D (0x1 bytes), align: 0
  Segment part 62.
           ENTRY                   ADDRESS         REF BY
           =====                   =======         ======
           ProductType             020D            FlashReadData (flash)
                                                   FlashWriteData (flash)
                                                   UartDataDisposal (LINUart)
                                                   UartStartupTX (LINUart)
    -------------------------------------------------------------------------
DATA16_Z
  Relative segment, address: 02CF - 02D4 (0x6 bytes), align: 0
  Segment part 64.
           ENTRY                   ADDRESS         REF BY
           =====                   =======         ======
           HardWareVersion         02CF            FlashReadData (flash)
                                                   FlashWriteData (flash)
                                                   UartDataDisposal (LINUart)
                                                   UartStartupTX (LINUart)
    -------------------------------------------------------------------------
DATA16_I
  Relative segment, address: 020E - 021F (0x12 bytes), align: 0
  Segment part 65.
           ENTRY                   ADDRESS         REF BY
           =====                   =======         ======
           ProductPara             020E            FlashReadData (flash)
                                                   FlashWriteData (flash)
                                                   UartDataDisposal (LINUart)
                                                   UartStartupTX (LINUart)
    -------------------------------------------------------------------------
DATA16_ID
  Relative segment, address: C044 - C044 (0x1 bytes), align: 0
  Segment part 6.             Intra module refs:   Time_10ms_Cnt
    -------------------------------------------------------------------------
DATA16_ID
  Relative segment, address: C045 - C045 (0x1 bytes), align: 0
  Segment part 8.             Intra module refs:   Time_50ms_Cnt
    -------------------------------------------------------------------------
DATA16_ID
  Relative segment, address: C046 - C046 (0x1 bytes), align: 0
  Segment part 10.            Intra module refs:   Time_100ms_Cnt
    -------------------------------------------------------------------------
DATA16_ID
  Relative segment, address: C047 - C047 (0x1 bytes), align: 0
  Segment part 12.            Intra module refs:   Time_500ms_Cnt
    -------------------------------------------------------------------------
DATA16_ID
  Relative segment, address: C048 - C048 (0x1 bytes), align: 0
  Segment part 14.            Intra module refs:   Time_1s_Cnt
    -------------------------------------------------------------------------
DATA16_ID
  Relative segment, address: C049 - C049 (0x1 bytes), align: 0
  Segment part 35.            Intra module refs:   Motor_Max_Speed
    -------------------------------------------------------------------------
DATA16_ID
  Relative segment, address: C04A - C04A (0x1 bytes), align: 0
  Segment part 42.            Intra module refs:   Uart_Baud_Rate
    -------------------------------------------------------------------------
DATA16_ID
  Relative segment, address: C03E - C03F (0x2 bytes), align: 1
  Segment part 51.            Intra module refs:   Hall_Pulse_Amount_PCT
    -------------------------------------------------------------------------
DATA16_ID
  Relative segment, address: C040 - C041 (0x2 bytes), align: 1
  Segment part 56.            Intra module refs:   over_min_cnt
    -------------------------------------------------------------------------
DATA16_ID
  Relative segment, address: C042 - C043 (0x2 bytes), align: 1
  Segment part 58.            Intra module refs:   over_max_cnt
    -------------------------------------------------------------------------
DATA16_ID
  Relative segment, address: C04B - C04B (0x1 bytes), align: 0
  Segment part 63.            Intra module refs:   ProductType
    -------------------------------------------------------------------------
DATA16_ID
  Relative segment, address: C04C - C05D (0x12 bytes), align: 0
  Segment part 66.            Intra module refs:   ProductPara

    *************************************************************************

  FILE NAME : E:\lliuke\AM50-1.2-100-EM-PW¡ª¡ªTM\AC284-01_V1.0_AOK_200524A_MPS430G2553IPW28R_0XC1DB3¡¾Ô´Âë¡¿\Ô´Âë\Debug\Obj\Initialize.r43
  PROGRAM MODULE, NAME : Initialize

  SEGMENTS IN THE MODULE
  ======================
DATA16_AN
  Relative segment, address: 0002 - 0002 (0x1 bytes), align: 0
  Segment part 1. ROOT        Intra module refs:   Initialize
                                                   UartStartupTX (LINUart)
           ENTRY                   ADDRESS         REF BY
           =====                   =======         ======
           _A_IFG1                 0002 
           LOCAL                   ADDRESS         
           =====                   =======         
           IFG1                    0002 
           IFG1_bit                0002 
    -------------------------------------------------------------------------
DATA16_AN
  Relative segment, address: 0056 - 0056 (0x1 bytes), align: 0
  Segment part 2. ROOT        Intra module refs:   CLKSetting
           ENTRY                   ADDRESS         REF BY
           =====                   =======         ======
           _A_DCOCTL               0056 
           LOCAL                   ADDRESS         
           =====                   =======         
           DCOCTL                  0056 
           DCOCTL_bit              0056 
    -------------------------------------------------------------------------
DATA16_AN
  Relative segment, address: 0057 - 0057 (0x1 bytes), align: 0
  Segment part 3. ROOT        Intra module refs:   CLKSetting
           ENTRY                   ADDRESS         REF BY
           =====                   =======         ======
           _A_BCSCTL1              0057 
           LOCAL                   ADDRESS         
           =====                   =======         
           BCSCTL1                 0057 
           BCSCTL1_bit             0057 
    -------------------------------------------------------------------------
DATA16_AN
  Relative segment, address: 0053 - 0053 (0x1 bytes), align: 0
  Segment part 4. ROOT        Intra module refs:   CLKSetting
           ENTRY                   ADDRESS         REF BY
           =====                   =======         ======
           _A_BCSCTL3              0053 
           LOCAL                   ADDRESS         
           =====                   =======         
           BCSCTL3                 0053 
           BCSCTL3_bit             0053 
    -------------------------------------------------------------------------
DATA16_AN
  Relative segment, address: 012A - 012B (0x2 bytes), align: 0
  Segment part 5. ROOT        Intra module refs:   CLKSetting
           ENTRY                   ADDRESS         REF BY
           =====                   =======         ======
           _A_FCTL2                012A 
           LOCAL                   ADDRESS         
           =====                   =======         
           FCTL2                   012A 
           FCTL2_bit               012A 
    -------------------------------------------------------------------------
DATA16_AN
  Relative segment, address: 0022 - 0022 (0x1 bytes), align: 0
  Segment part 6. ROOT        Intra module refs:   GPIOSetting
           ENTRY                   ADDRESS         REF BY
           =====                   =======         ======
           _A_P1DIR                0022 
           LOCAL                   ADDRESS         
           =====                   =======         
           P1DIR                   0022 
           P1DIR_bit               0022 
    -------------------------------------------------------------------------
DATA16_AN
  Relative segment, address: 0023 - 0023 (0x1 bytes), align: 0
  Segment part 7. ROOT        Intra module refs:   GPIOSetting
           ENTRY                   ADDRESS         REF BY
           =====                   =======         ======
           _A_P1IFG                0023 
           LOCAL                   ADDRESS         
           =====                   =======         
           P1IFG                   0023 
           P1IFG_bit               0023 
    -------------------------------------------------------------------------
DATA16_AN
  Relative segment, address: 0025 - 0025 (0x1 bytes), align: 0
  Segment part 8. ROOT        Intra module refs:   GPIOSetting
           ENTRY                   ADDRESS         REF BY
           =====                   =======         ======
           _A_P1IE                 0025 
           LOCAL                   ADDRESS         
           =====                   =======         
           P1IE                    0025 
           P1IE_bit                0025 
    -------------------------------------------------------------------------
DATA16_AN
  Relative segment, address: 0029 - 0029 (0x1 bytes), align: 0
  Segment part 10. ROOT       Intra module refs:   Initialize
                                                   KeyManage (KeyManage)
                                                   SetDownPWM (MotorControl)
                                                   SetStopPWM (MotorControl)
                                                   SetUpPWM (MotorControl)
           ENTRY                   ADDRESS         REF BY
           =====                   =======         ======
           _A_P2OUT                0029 
           LOCAL                   ADDRESS         
           =====                   =======         
           P2OUT                   0029 
           P2OUT_bit               0029 
    -------------------------------------------------------------------------
DATA16_AN
  Relative segment, address: 002A - 002A (0x1 bytes), align: 0
  Segment part 11. ROOT       Intra module refs:   GPIOSetting
                                                   KeyManage (KeyManage)
           ENTRY                   ADDRESS         REF BY
           =====                   =======         ======
           _A_P2DIR                002A 
           LOCAL                   ADDRESS         
           =====                   =======         
           P2DIR                   002A 
           P2DIR_bit               002A 
    -------------------------------------------------------------------------
DATA16_AN
  Relative segment, address: 002B - 002B (0x1 bytes), align: 0
  Segment part 12. ROOT       Intra module refs:   GPIOSetting
           ENTRY                   ADDRESS         REF BY
           =====                   =======         ======
           _A_P2IFG                002B 
           LOCAL                   ADDRESS         
           =====                   =======         
           P2IFG                   002B 
           P2IFG_bit               002B 
    -------------------------------------------------------------------------
DATA16_AN
  Relative segment, address: 002D - 002D (0x1 bytes), align: 0
  Segment part 13. ROOT       Intra module refs:   GPIOSetting
           ENTRY                   ADDRESS         REF BY
           =====                   =======         ======
           _A_P2IE                 002D 
           LOCAL                   ADDRESS         
           =====                   =======         
           P2IE                    002D 
           P2IE_bit                002D 
    -------------------------------------------------------------------------
DATA16_AN
  Relative segment, address: 002E - 002E (0x1 bytes), align: 0
  Segment part 14. ROOT       Intra module refs:   GPIOSetting
                                                   SetDownPWM (MotorControl)
                                                   SetStopPWM (MotorControl)
                                                   SetUpPWM (MotorControl)
           ENTRY                   ADDRESS         REF BY
           =====                   =======         ======
           _A_P2SEL                002E 
           LOCAL                   ADDRESS         
           =====                   =======         
           P2SEL                   002E 
           P2SEL_bit               002E 
    -------------------------------------------------------------------------
DATA16_AN
  Relative segment, address: 001A - 001A (0x1 bytes), align: 0
  Segment part 16. ROOT       Intra module refs:   GPIOSetting
           ENTRY                   ADDRESS         REF BY
           =====                   =======         ======
           _A_P3DIR                001A 
           LOCAL                   ADDRESS         
           =====                   =======         
           P3DIR                   001A 
           P3DIR_bit               001A 
    -------------------------------------------------------------------------
DATA16_AN
  Relative segment, address: 001B - 001B (0x1 bytes), align: 0
  Segment part 17. ROOT       Intra module refs:   GPIOSetting
                                                   SetDownPWM (MotorControl)
                                                   SetStopPWM (MotorControl)
                                                   SetUpPWM (MotorControl)
           ENTRY                   ADDRESS         REF BY
           =====                   =======         ======
           _A_P3SEL                001B 
           LOCAL                   ADDRESS         
           =====                   =======         
           P3SEL                   001B 
           P3SEL_bit               001B 
    -------------------------------------------------------------------------
DATA16_AN
  Relative segment, address: 0160 - 0161 (0x2 bytes), align: 0
  Segment part 18. ROOT       Intra module refs:   TIMXSetting
           ENTRY                   ADDRESS         REF BY
           =====                   =======         ======
           _A_TA0CTL               0160 
           LOCAL                   ADDRESS         
           =====                   =======         
           TA0CTL                  0160 
           TA0CTL_bit              0160 
    -------------------------------------------------------------------------
DATA16_AN
  Relative segment, address: 0162 - 0163 (0x2 bytes), align: 0
  Segment part 19. ROOT       Intra module refs:   TIMXSetting
           ENTRY                   ADDRESS         REF BY
           =====                   =======         ======
           _A_TA0CCTL0             0162 
           LOCAL                   ADDRESS         
           =====                   =======         
           TA0CCTL0                0162 
           TA0CCTL0_bit            0162 
    -------------------------------------------------------------------------
DATA16_AN
  Relative segment, address: 0164 - 0165 (0x2 bytes), align: 0
  Segment part 20. ROOT       Intra module refs:   TIMXSetting
           ENTRY                   ADDRESS         REF BY
           =====                   =======         ======
           _A_TA0CCTL1             0164 
           LOCAL                   ADDRESS         
           =====                   =======         
           TA0CCTL1                0164 
           TA0CCTL1_bit            0164 
    -------------------------------------------------------------------------
DATA16_AN
  Relative segment, address: 0172 - 0173 (0x2 bytes), align: 0
  Segment part 21. ROOT       Intra module refs:   TIMXSetting
                                                   Timer0_A0 (timer)
           ENTRY                   ADDRESS         REF BY
           =====                   =======         ======
           TA0CCR0                 0172 
    -------------------------------------------------------------------------
DATA16_AN
  Relative segment, address: 0174 - 0175 (0x2 bytes), align: 0
  Segment part 22. ROOT       Intra module refs:   TIMXSetting
                                                   Timer0_A1 (Time)
           ENTRY                   ADDRESS         REF BY
           =====                   =======         ======
           TA0CCR1                 0174 
    -------------------------------------------------------------------------
DATA16_AN
  Relative segment, address: 0180 - 0181 (0x2 bytes), align: 0
  Segment part 23. ROOT       Intra module refs:   TIMXSetting
           ENTRY                   ADDRESS         REF BY
           =====                   =======         ======
           _A_TA1CTL               0180 
           LOCAL                   ADDRESS         
           =====                   =======         
           TA1CTL                  0180 
           TA1CTL_bit              0180 
    -------------------------------------------------------------------------
DATA16_AN
  Relative segment, address: 0182 - 0183 (0x2 bytes), align: 0
  Segment part 24. ROOT       Intra module refs:   TIMXSetting
           ENTRY                   ADDRESS         REF BY
           =====                   =======         ======
           _A_TA1CCTL0             0182 
           LOCAL                   ADDRESS         
           =====                   =======         
           TA1CCTL0                0182 
           TA1CCTL0_bit            0182 
    -------------------------------------------------------------------------
DATA16_AN
  Relative segment, address: 0184 - 0185 (0x2 bytes), align: 0
  Segment part 25. ROOT       Intra module refs:   TIMXSetting
           ENTRY                   ADDRESS         REF BY
           =====                   =======         ======
           _A_TA1CCTL1             0184 
           LOCAL                   ADDRESS         
           =====                   =======         
           TA1CCTL1                0184 
           TA1CCTL1_bit            0184 
    -------------------------------------------------------------------------
DATA16_AN
  Relative segment, address: 0186 - 0187 (0x2 bytes), align: 0
  Segment part 26. ROOT       Intra module refs:   TIMXSetting
           ENTRY                   ADDRESS         REF BY
           =====                   =======         ======
           _A_TA1CCTL2             0186 
           LOCAL                   ADDRESS         
           =====                   =======         
           TA1CCTL2                0186 
           TA1CCTL2_bit            0186 
    -------------------------------------------------------------------------
DATA16_AN
  Relative segment, address: 0192 - 0193 (0x2 bytes), align: 0
  Segment part 27. ROOT       Intra module refs:   TIMXSetting
           ENTRY                   ADDRESS         REF BY
           =====                   =======         ======
           TA1CCR0                 0192 
    -------------------------------------------------------------------------
DATA16_AN
  Relative segment, address: 10F8 - 10F8 (0x1 bytes), align: 0
  Segment part 29. ROOT       Intra module refs:   CLKSetting
           ENTRY                   ADDRESS         REF BY
           =====                   =======         ======
           CALDCO_16MHZ            10F8 
    -------------------------------------------------------------------------
DATA16_AN
  Relative segment, address: 10F9 - 10F9 (0x1 bytes), align: 0
  Segment part 30. ROOT       Intra module refs:   CLKSetting
           ENTRY                   ADDRESS         REF BY
           =====                   =======         ======
           CALBC1_16MHZ            10F9 
    -------------------------------------------------------------------------
<CODE> 1 (was CODE)
  Relative segment, address: F1F0 - F201 (0x12 bytes), align: 1
  Segment part 32.            Intra module refs:   Initialize
           ENTRY                   ADDRESS         REF BY
           =====                   =======         ======
           Delay                   F1F0 
    -------------------------------------------------------------------------
<CODE> 1 (was CODE)
  Relative segment, address: F10C - F125 (0x1a bytes), align: 1
  Segment part 33.            Intra module refs:   Initialize
           ENTRY                   ADDRESS         REF BY
           =====                   =======         ======
           CLKSetting              F10C 
    -------------------------------------------------------------------------
<CODE> 1 (was CODE)
  Relative segment, address: EBFC - EC3B (0x40 bytes), align: 1
  Segment part 34.            Intra module refs:   Initialize
           ENTRY                   ADDRESS         REF BY
           =====                   =======         ======
           TIMXSetting             EBFC 
               calls direct
    -------------------------------------------------------------------------
<CODE> 1 (was CODE)
  Relative segment, address: EE2C - EE59 (0x2e bytes), align: 1
  Segment part 35.            Intra module refs:   Initialize
           ENTRY                   ADDRESS         REF BY
           =====                   =======         ======
           GPIOSetting             EE2C 
    -------------------------------------------------------------------------
<CODE> 1 (was CODE)
  Relative segment, address: E0D2 - E1A7 (0xd6 bytes), align: 1
  Segment part 37.
           ENTRY                   ADDRESS         REF BY
           =====                   =======         ======
           Initialize              E0D2            main (main)
               calls direct

    *************************************************************************

  FILE NAME : E:\lliuke\AM50-1.2-100-EM-PW¡ª¡ªTM\AC284-01_V1.0_AOK_200524A_MPS430G2553IPW28R_0XC1DB3¡¾Ô´Âë¡¿\Ô´Âë\Debug\Obj\KeyManage.r43
  PROGRAM MODULE, NAME : KeyManage

  SEGMENTS IN THE MODULE
  ======================
DATA16_AN
  Relative segment, address: 0020 - 0020 (0x1 bytes), align: 0
  Segment part 1. ROOT        Intra module refs:   KeyManage
[...]
                                                   Absolute parts (?ABS_ENTRY_MOD)
           ?cstart_begin           C064 
    -------------------------------------------------------------------------
CSTART
  Relative segment, address: C068 - C073 (0xc bytes), align: 1
  Segment part 14.
           ENTRY                   ADDRESS         REF BY
           =====                   =======         ======
           ?cstart_init_zero       C068            ADC_CUR_Array (ADSampling)
                                                   ADC_CUR_Array_Index (ADSampling)
                                                   ADC_CUR_Buffer (ADSampling)
                                                   ADC_CUR_Cnt (ADSampling)
                                                   ADC_VOL_Buffer (ADSampling)
                                                   ADC_VOL_Cnt (ADSampling)
                                                   CLR_Net_Key_Num (KeyManage)
                                                   CLR_Net_Key_Time_Out_Cnt (KeyManage)
                                                   Current_Current_mA (GlobalVariable)
                                                   Current_Voltage (GlobalVariable)
                                                   Dry_Contact_Control_Mode (GlobalVariable)
                                                   Flag (GlobalVariable)
                                                   Flag_Motor (GlobalVariable)
                                                   Flag_RF (GlobalVariable)
                                                   Flash_Buffer (flash)
                                                   Hall_Pulse_Amount (GlobalVariable)
                                                   Hall_Pulse_Width (GlobalVariable)
                                                   Hall_Time_Cnt (GlobalVariable)
                                                   HardWareVersion (GlobalVariable)
                                                   KeyFlag (KeyManage)
                                                   KeyManage{1}{2}::Key_Out_Status_buffer (KeyManage)
                                                   KeyManage{1}{2}::key_out_cnt (KeyManage)
                                                   KeyManage{1}{2}::key_out_cnt2 (KeyManage)
                                                   Key_Old_Value (KeyManage)
                                                   Key_Out_Status (GlobalVariable)
                                                   Key_Status_Cnt (KeyManage)
                                                   LED_Status (GlobalVariable)
                                                   Learn_Key_Cnt (KeyManage)
                                                   Learn_Time_Cnt (GlobalVariable)
                                                   Meet_Plugb_Event (MotorControl)
                                                   Meet_plug_place (MotorControl)
                                                   MotorRun::Hand_Drag_Direction_Open (MotorControl)
                                                   MotorRun::Hand_Drag_Direction_SHUT (MotorControl)
                                                   MotorRun::Motor_SHUT_Cnt (MotorControl)
                                                   MotorRun::Motor_Speed_Buff (MotorControl)
                                                   MotorRun::Motor_Speed_Cnt (MotorControl)
                                                   MotorRun::NoSpeed_Meet_Plug_Cnt (MotorControl)
                                                   MotorRun::Place_Invariant_Hall_Pulse_Buf (MotorControl)
                                                   MotorRun::Place_Invariant_Meet_Plug_Cnt (MotorControl)
                                                   MotorRun::Place_Normal_Meet_Plug_Cnt (MotorControl)
                                                   MotorRun::Reversal_Hall_Pulse_Buf (MotorControl)
                                                   MotorRun::Speed_Unusual_Hall_Pulse_Buf (MotorControl)
                                                   MotorRun::Speed_Unusual_Meet_Plug_Cnt (MotorControl)
                                                   MotorRun::motor_rum_time (MotorControl)
                                                   MotorRun::reversal_cnt (MotorControl)
                                                   MotorRun{7}{103}::motor_runed_cnt (MotorControl)
                                                   MotorRun{7}{103}::runed_Latime_cnt (MotorControl)
                                                   Motor_Array (GlobalVariable)
                                                   Motor_Duty (GlobalVariable)
                                                   Motor_Speed (GlobalVariable)
                                                   Motor_Status (GlobalVariable)
                                                   No_learn_key_cnt (GlobalVariable)
                                                   Opretion_Time_Cnt (GlobalVariable)
                                                   PercentBuff (LINUart)
                                                   RF_Bit_cnt (SignalSampling)
                                                   RF_Byte_Cnt (SignalSampling)
                                                   RF_High_Cnt (GlobalVariable)
                                                   RF_High_Cnt_Buffer (timer)
                                                   RF_KeyUnloosen_Cnt (SignalSampling)
                                                   RF_Low_Cnt (GlobalVariable)
                                                   RF_Low_Cnt_Buffer (timer)
                                                   RF_NO_Rx_Cnt (SignalSampling)
                                                   RF_RxData (SignalSampling)
                                                   RF_Signal_Sample1 (timer)
                                                   RF_Signal_Sample2 (timer)
                                                   Rx_Data_P (SignalSampling)
                                                   Set_Limit_Point_Cnt (GlobalVariable)
                                                   Set_Speed_Cnt (KeyManage)
                                                   Set_Speed_Time_Cnt (GlobalVariable)
                                                   SlowStop::slowstop_cnt (MotorControl)
                                                   Target_Journey_Point (MotorControl)
                                                   Target_Speed (GlobalVariable)
                                                   Time_Fail_Test (GlobalVariable)
                                                   Time_Power_On (GlobalVariable)
                                                   TxDataLength (LINUart)
                                                   Uart_Byte_Cnt (LINUart)
                                                   Uart_CH_H (GlobalVariable)
                                                   Uart_CH_L (GlobalVariable)
                                                   Uart_ID (GlobalVariable)
                                                   Uart_NO_Rx_Cnt (LINUart)
                                                   Uart_Rx_Array (LINUart)
                                                   Uart_TX_Byte_Cnt (LINUart)
                                                   Uart_Tx_Array (LINUart)
                                                   VoltageProtect::High_VOL_PROTECT_Cnt (ADSampling)
                                                   VoltageProtect::PowerDown_Time_Cnt (ADSampling)
                                                   VoltageProtect::VOL_OK_Cnt (ADSampling)
                                                   flag_rebound (GlobalVariable)
                                                   flag_yuzu_once (GlobalVariable)
                                                   hall_change_cnt (GlobalVariable)
                                                   hall_pulse_buf (GlobalVariable)
                                                   learn_key_cnt (GlobalVariable)
                                                   no_hand_drag_cnt (MotorControl)
    -------------------------------------------------------------------------
CSTART
  Relative segment, address: C074 - C083 (0x10 bytes), align: 1
  Segment part 15.
           ENTRY                   ADDRESS         REF BY
           =====                   =======         ======
           ?cstart_init_copy       C074            Hall_Pulse_Amount_PCT (GlobalVariable)
                                                   Key_ON_Cnt (KeyManage)
                                                   Learn_Key_OFF_Cnt (KeyManage)
                                                   Learn_Key_ON_Cnt (KeyManage)
                                                   Motor_Max_Speed (GlobalVariable)
                                                   ProductPara (GlobalVariable)
                                                   ProductType (GlobalVariable)
                                                   Time2_Int_Cnt (timer)
                                                   Time_100ms_Cnt (GlobalVariable)
                                                   Time_10ms_Cnt (GlobalVariable)
                                                   Time_1s_Cnt (GlobalVariable)
                                                   Time_200uS_Cnt (timer)
                                                   Time_500ms_Cnt (GlobalVariable)
                                                   Time_50ms_Cnt (GlobalVariable)
                                                   Uart_Baud_Rate (GlobalVariable)
                                                   over_max_cnt (GlobalVariable)
                                                   over_min_cnt (GlobalVariable)
    -------------------------------------------------------------------------
CSTART
  Relative segment, address: C084 - C08B (0x8 bytes), align: 1
  Segment part 19.            Intra module refs:   Segment part 9
           ENTRY                   ADDRESS         REF BY
           =====                   =======         ======
           ?cstart_call_main       C084 
           ?cstart_end             C08C 

    -------------------------------------------------------------------------
  LIBRARY MODULE, NAME : ?reset_vector

  SEGMENTS IN THE MODULE
  ======================
RESET
  Relative segment, address: FFFE - FFFF (0x2 bytes), align: 1
  Segment part 0.
           ENTRY                   ADDRESS         REF BY
           =====                   =======         ======
           ?reset_vector           FFFE            Segment part 9 (?cstart)

    -------------------------------------------------------------------------
  LIBRARY MODULE, NAME : ?Epilogue

  SEGMENTS IN THE MODULE
  ======================
<CODE> 1 (was CODE)
  Relative segment, address: F212 - F213 (0x2 bytes), align: 1
  Segment part 2.
           ENTRY                   ADDRESS         REF BY
           =====                   =======         ======
           ?Epilogue6              F212            SampleAverage (ADSampling)
    -------------------------------------------------------------------------
<CODE> 1 (was CODE)
  Relative segment, address: F214 - F215 (0x2 bytes), align: 1
  Segment part 3.             Intra module refs:   ?Epilogue6
           ENTRY                   ADDRESS         REF BY
           =====                   =======         ======
           ?Epilogue5              F214 
    -------------------------------------------------------------------------
<CODE> 1 (was CODE)
  Relative segment, address: F216 - F217 (0x2 bytes), align: 1
  Segment part 4.             Intra module refs:   ?Epilogue5
           ENTRY                   ADDRESS         REF BY
           =====                   =======         ======
           ?Epilogue4              F216            MotorRun (MotorControl)
    -------------------------------------------------------------------------
<CODE> 1 (was CODE)
  Relative segment, address: F218 - F21F (0x8 bytes), align: 1
  Segment part 5.             Intra module refs:   ?Epilogue4
           ENTRY                   ADDRESS         REF BY
           =====                   =======         ======
           ?Epilogue3              F218 

    -------------------------------------------------------------------------
  LIBRARY MODULE, NAME : ?exit

  SEGMENTS IN THE MODULE
  ======================
<CODE> 1 (was CODE)
  Relative segment, address: F27C - F27F (0x4 bytes), align: 1
  Segment part 2.
           ENTRY                   ADDRESS         REF BY
           =====                   =======         ======
           exit                    F27C            Segment part 19 (?cstart)
               calls direct

    -------------------------------------------------------------------------
  LIBRARY MODULE, NAME : ?Mul816

  SEGMENTS IN THE MODULE
  ======================
<CODE> 1 (was CODE)
  Relative segment, address: EE5A - EE87 (0x2e bytes), align: 1
  Segment part 1.
           ENTRY                   ADDRESS         REF BY
           =====                   =======         ======
           ?Mul16                  EE5A            CountPercentPlace (LINUart)
           ?Mul16to32u             EE5A 

    -------------------------------------------------------------------------
  LIBRARY MODULE, NAME : ?DivMod816u

  SEGMENTS IN THE MODULE
  ======================
<CODE> 1 (was CODE)
  Relative segment, address: F13E - F155 (0x18 bytes), align: 1
  Segment part 1.
           ENTRY                   ADDRESS         REF BY
           =====                   =======         ======
           ?DivMod16u              F13E            ?DivMod16s (?DivMod816s)
                                                   ADSamping (ADSampling)
                                                   CountPercentPlace (LINUart)
                                                   JourneyPercentCount (LINUart)
                                                   LinUartInit (LINUart)
                                                   MotorRun (MotorControl)
                                                   SampleAverage (ADSampling)

    -------------------------------------------------------------------------
  LIBRARY MODULE, NAME : ?DivMod816s

  SEGMENTS IN THE MODULE
  ======================
<CODE> 1 (was CODE)
  Relative segment, address: EDFC - EE2B (0x30 bytes), align: 1
  Segment part 1.
           ENTRY                   ADDRESS         REF BY
           =====                   =======         ======
           ?DivMod16s              EDFC            MotorRun (MotorControl)

    -------------------------------------------------------------------------
  LIBRARY MODULE, NAME : ?DivMod32u

  SEGMENTS IN THE MODULE
  ======================
<CODE> 1 (was CODE)
  Relative segment, address: ED60 - ED97 (0x38 bytes), align: 1
  Segment part 0.
           ENTRY                   ADDRESS         REF BY
           =====                   =======         ======
           ?DivMod32u              ED60            ?DivMod32s (?DivMod32s)

    -------------------------------------------------------------------------
  LIBRARY MODULE, NAME : ?DivMod32s

  SEGMENTS IN THE MODULE
  ======================
<CODE> 1 (was CODE)
  Relative segment, address: EB7C - EBBB (0x40 bytes), align: 1
  Segment part 0.
           ENTRY                   ADDRESS         REF BY
           =====                   =======         ======
           ?DivMod32s              EB7C            MotorRun (MotorControl)

    -------------------------------------------------------------------------
  LIBRARY MODULE, NAME : ?memcpy

  SEGMENTS IN THE MODULE
  ======================
<CODE> 1 (was CODE)
  Relative segment, address: F1A8 - F1B9 (0x12 bytes), align: 1
  Segment part 2.
           ENTRY                   ADDRESS         REF BY
           =====                   =======         ======
           memcpy                  F1A8            __data16_memcpy (?memzero)

    -------------------------------------------------------------------------
  LIBRARY MODULE, NAME : ?memzero

  SEGMENTS IN THE MODULE
  ======================
<CODE> 1 (was CODE)
  Relative segment, address: F202 - F211 (0x10 bytes), align: 1
  Segment part 2.
           ENTRY                   ADDRESS         REF BY
           =====                   =======         ======
           __data16_memzero        F202            ?cstart_init_zero (?cstart)
    -------------------------------------------------------------------------
<CODE> 1 (was CODE)
  Relative segment, address: F278 - F27B (0x4 bytes), align: 1
  Segment part 3.
           ENTRY                   ADDRESS         REF BY
           =====                   =======         ======
           __data16_memcpy         F278            ?cstart_init_copy (?cstart)
               calls direct




                ****************************************
                *                                      *
                *      SEGMENTS IN ADDRESS ORDER       *
                *                                      *
                ****************************************


SEGMENT              SPACE    START ADDRESS   END ADDRESS     SIZE  TYPE  ALIGN
=======              =====    =============   ===========     ====  ====  =====
DATA16_AN                              0001 - 0002               2   rel    0
                                       0019 - 001B               3 
                                       0020 - 0023               4 
                                       0025 - 0026               2 
                                       0028 - 002B               4 
                                       002D - 002E               2 
                                       0041 - 0041               1 
                                       004A - 004A               1 
                                       0053 - 0053               1 
                                       0056 - 0057               2 
                                       0061 - 0064               4 
                                       0066 - 0067               2 
                                       0120 - 0121               2 
                                       0128 - 012F               8 
                                       0160 - 0165               6 
                                       0172 - 0175               4 
                                       0180 - 0187               8 
                                       0192 - 0197               6 
                                       01B0 - 01B5               6 
DATA16_I                               0200 - 0224              25   rel    1
DATA16_Z                               0226 - 032B             106   rel    1
DATA16_N                               032C - 0330               5   rel    1
CSTACK                                 03B0 - 03FF              50   rel    1
DATA16_AN                              10F8 - 10F9               2   rel    0
DATA16_C                               C000 - C03C              3D   rel    1
DATA16_ID                              C03E - C062              25   rel    1
CSTART                                 C064 - C08B              28   rel    1
<CODE> 1                               C08C - F281            31F6   rel    1
INTVEC                                 FFE0 - FFF3              14   com    1
RESET                                  FFFE - FFFF               2   rel    1

                ****************************************
                *                                      *
                *        END OF CROSS REFERENCE        *
                *                                      *
                ****************************************

 12 852 bytes of CODE  memory
    384 bytes of DATA  memory (+ 70 absolute )
     98 bytes of CONST memory

Errors: none
Warnings: none

